// Jest Snapshot v1, https://goo.gl/fbAQLP

exports[`Pagination Component should be render match to snapshot 1`] = `
<div>
  <div
    class="flex justify-center gap-5 mt-4"
  >
    <button
      class="px-4 py-2 rounded-full bg-white"
    >
      <img
        alt="prev icon"
        data-nimg="1"
        decoding="async"
        height="16"
        loading="lazy"
        src="/prev-icon.svg"
        style="color: transparent;"
        width="16"
      />
    </button>
    <button
      class="px-4 py-2 rounded-full bg-white"
    >
      1
    </button>
    <button
      class="px-4 py-2 rounded-full bg-white text-second drop-shadow-lg"
    >
      2
    </button>
    <button
      class="px-4 py-2 rounded-full bg-white"
    >
      3
    </button>
    <span>
      ...
    </span>
    <button
      class="px-4 py-2 rounded-full bg-white"
    >
      5
    </button>
    <button
      class="px-4 py-2 rounded-full bg-white"
    >
      <img
        alt="next icon"
        data-nimg="1"
        decoding="async"
        height="16"
        loading="lazy"
        src="/next-icon.svg"
        style="color: transparent;"
        width="16"
      />
    </button>
  </div>
</div>
`;
