// Jest Snapshot v1, https://goo.gl/fbAQLP

exports[`Dropdown Component should be render match to snapshot 1`] = `
<div>
  <div
    class="relative inline-block text-left w-36"
  >
    <button
      class="flex items-center justify-between w-full px-3 py-2 border border-primary rounded-full md:text-base text-x-xs uppercase"
      type="button"
    >
      Option 1
      <svg
        aria-hidden="true"
        class="svg-inline--fa fa-caret-down ml-2 transition-transform rotate-0"
        data-icon="caret-down"
        data-prefix="fas"
        focusable="false"
        role="img"
        viewBox="0 0 320 512"
        xmlns="http://www.w3.org/2000/svg"
      >
        <path
          d="M137.4 374.6c12.5 12.5 32.8 12.5 45.3 0l128-128c9.2-9.2 11.9-22.9 6.9-34.9s-16.6-19.8-29.6-19.8L32 192c-12.9 0-24.6 7.8-29.6 19.8s-2.2 25.7 6.9 34.9l128 128z"
          fill="currentColor"
        />
      </svg>
    </button>
    <div
      class="absolute right-0 w-full mt-1 bg-white border border-gray-300 rounded-md shadow-lg z-10 transition-transform duration-300 ease-in-out opacity-0 translate-y-2"
    >
      <button
        class="w-full text-left px-4 py-2 hover:bg-gray-100 md:text-base text-xs uppercase"
      >
        Option 1
      </button>
      <button
        class="w-full text-left px-4 py-2 hover:bg-gray-100 md:text-base text-xs uppercase"
      >
        Option 2
      </button>
      <button
        class="w-full text-left px-4 py-2 hover:bg-gray-100 md:text-base text-xs uppercase"
      >
        Option 3
      </button>
    </div>
  </div>
</div>
`;
