// Jest Snapshot v1, https://goo.gl/fbAQLP

exports[`StatsRow component should be render match to snapshot 1`] = `
<div>
  <div
    class="flex px-3 justify-between md:items-center w-full"
  >
    <div
      class="flex gap-1 items-center"
    >
      <img
        alt="view icon"
        data-nimg="1"
        decoding="async"
        height="20"
        loading="lazy"
        src="/view-dark.svg"
        style="color: transparent;"
        width="20"
      />
      <p
        class="xl:w-10 w-8 truncate overflow-hidden"
      >
        12345
      </p>
    </div>
    <div
      class="flex gap-1 items-center"
    >
      <img
        alt="likes icon"
        data-nimg="1"
        decoding="async"
        height="15"
        loading="lazy"
        src="/likes.svg"
        style="color: transparent;"
        width="15"
      />
      <p
        class="xl:w-10 w-8 truncate overflow-hidden"
      >
        1111
      </p>
    </div>
    <div
      class="flex gap-1 items-center"
    >
      <img
        alt="comments icon"
        data-nimg="1"
        decoding="async"
        height="15"
        loading="lazy"
        src="/comments.svg"
        style="color: transparent;"
        width="15"
      />
      <p
        class="xl:w-10 w-8 truncate overflow-hidden"
      >
        5432
      </p>
    </div>
  </div>
</div>
`;
