// Jest Snapshot v1, https://goo.gl/fbAQLP

exports[`Portfolio component should be render match to snapshot 1`] = `
<div>
  <div
    class="grid md:grid-cols-2 grid-cols-1"
  >
    <div
      class="w-full h-portfolio"
    >
      <div
        class="relative w-full h-full"
      >
        <img
          alt="Project One"
          class="transition-opacity duration-300"
          data-nimg="fill"
          decoding="async"
          loading="lazy"
          sizes="100vw"
          src="/_next/image?url=%2Fbackground-hero.webp&w=3840&q=75"
          srcset="/_next/image?url=%2Fbackground-hero.webp&w=640&q=75 640w, /_next/image?url=%2Fbackground-hero.webp&w=750&q=75 750w, /_next/image?url=%2Fbackground-hero.webp&w=828&q=75 828w, /_next/image?url=%2Fbackground-hero.webp&w=1080&q=75 1080w, /_next/image?url=%2Fbackground-hero.webp&w=1200&q=75 1200w, /_next/image?url=%2Fbackground-hero.webp&w=1920&q=75 1920w, /_next/image?url=%2Fbackground-hero.webp&w=2048&q=75 2048w, /_next/image?url=%2Fbackground-hero.webp&w=3840&q=75 3840w"
          style="position: absolute; height: 100%; width: 100%; left: 0px; top: 0px; right: 0px; bottom: 0px; object-fit: cover; color: transparent;"
        />
      </div>
    </div>
    <div
      class="w-full h-portfolio"
    >
      <div
        class="relative w-full h-full"
      >
        <img
          alt="Project Two"
          class="transition-opacity duration-300"
          data-nimg="fill"
          decoding="async"
          loading="lazy"
          sizes="100vw"
          src="/_next/image?url=%2Fbackground-hero.webp&w=3840&q=75"
          srcset="/_next/image?url=%2Fbackground-hero.webp&w=640&q=75 640w, /_next/image?url=%2Fbackground-hero.webp&w=750&q=75 750w, /_next/image?url=%2Fbackground-hero.webp&w=828&q=75 828w, /_next/image?url=%2Fbackground-hero.webp&w=1080&q=75 1080w, /_next/image?url=%2Fbackground-hero.webp&w=1200&q=75 1200w, /_next/image?url=%2Fbackground-hero.webp&w=1920&q=75 1920w, /_next/image?url=%2Fbackground-hero.webp&w=2048&q=75 2048w, /_next/image?url=%2Fbackground-hero.webp&w=3840&q=75 3840w"
          style="position: absolute; height: 100%; width: 100%; left: 0px; top: 0px; right: 0px; bottom: 0px; object-fit: cover; color: transparent;"
        />
      </div>
    </div>
    <div
      class="w-full h-portfolio"
    >
      <div
        class="relative w-full h-full"
      >
        <img
          alt="Project Three"
          class="transition-opacity duration-300"
          data-nimg="fill"
          decoding="async"
          loading="lazy"
          sizes="100vw"
          src="/_next/image?url=%2Fbackground-hero.webp&w=3840&q=75"
          srcset="/_next/image?url=%2Fbackground-hero.webp&w=640&q=75 640w, /_next/image?url=%2Fbackground-hero.webp&w=750&q=75 750w, /_next/image?url=%2Fbackground-hero.webp&w=828&q=75 828w, /_next/image?url=%2Fbackground-hero.webp&w=1080&q=75 1080w, /_next/image?url=%2Fbackground-hero.webp&w=1200&q=75 1200w, /_next/image?url=%2Fbackground-hero.webp&w=1920&q=75 1920w, /_next/image?url=%2Fbackground-hero.webp&w=2048&q=75 2048w, /_next/image?url=%2Fbackground-hero.webp&w=3840&q=75 3840w"
          style="position: absolute; height: 100%; width: 100%; left: 0px; top: 0px; right: 0px; bottom: 0px; object-fit: cover; color: transparent;"
        />
      </div>
    </div>
  </div>
</div>
`;
