// Jest Snapshot v1, https://goo.gl/fbAQLP

exports[`CardDetail Should match snapshot 1`] = `
<div>
  <div
    class="flex flex-col"
  >
    <div
      class="xl:w-pro-lg xl:h-pro-lg md:w-pro-md md:h-pro-md w-pro-sm h-pro-sm mx-auto"
    >
      <div
        class="relative rounded-full overflow-hidden border-4 border-gray-300 hover:border-second w-full h-full"
      >
        <img
          alt="Project One"
          class="transition-opacity duration-300"
          data-nimg="fill"
          decoding="async"
          loading="lazy"
          sizes="100vw"
          src="/_next/image?url=%2Fbackground-hero.webp&w=3840&q=75"
          srcset="/_next/image?url=%2Fbackground-hero.webp&w=640&q=75 640w, /_next/image?url=%2Fbackground-hero.webp&w=750&q=75 750w, /_next/image?url=%2Fbackground-hero.webp&w=828&q=75 828w, /_next/image?url=%2Fbackground-hero.webp&w=1080&q=75 1080w, /_next/image?url=%2Fbackground-hero.webp&w=1200&q=75 1200w, /_next/image?url=%2Fbackground-hero.webp&w=1920&q=75 1920w, /_next/image?url=%2Fbackground-hero.webp&w=2048&q=75 2048w, /_next/image?url=%2Fbackground-hero.webp&w=3840&q=75 3840w"
          style="position: absolute; height: 100%; width: 100%; left: 0px; top: 0px; right: 0px; bottom: 0px; object-fit: cover; color: transparent; background-size: cover; background-position: 50% 50%; background-repeat: no-repeat;"
        />
      </div>
    </div>
    <div
      class="mt-4 text-center md:h-32 overflow-hidden"
    >
      <p
        class="className font-bold lg:text-lg text-base"
      >
        Project One
      </p>
      <span
        class="my-3"
      >
        by
      </span>
      <p
        class="lg:text-base text-sm mt-3"
      >
        User A, User B
      </p>
    </div>
  </div>
</div>
`;
