// Jest Snapshot v1, https://goo.gl/fbAQLP

exports[`Button should be render match to snapshot 1`] = `
<div>
  <button
    class="text-primary px-2 rounded-full font-light truncate w-24 h-6 text-xs sm:w-28 sm:h-8 sm:text-sm md:w-36 md:h-10 md:text-base lg:w-52 lg:h-12 lg:text-lg bg-second"
  >
    Click me
  </button>
</div>
`;
